<testsuites name="results">
  <testsuite name="all" package="all">
    <property name="random_seed" value="1666641169" />
    <testcase name="test_multiplication" classname="test_fxp" file="/workspaces/coco-examples/test_fxp.py" lineno="72" time="0.33928704261779785" sim_time_ns="5000.000001" ratio_time="14736.784412461135" />
  </testsuite>
</testsuites>
